============================= test session starts ==============================
platform linux -- Python 3.7.0, pytest-3.8.0, py-1.6.0, pluggy-0.7.1
hypothesis profile 'default' -> database=DirectoryBasedExampleDatabase('/home/alex/Projects/Oracle_task/vending_machine/.hypothesis/examples')
rootdir: /home/alex/Projects/Oracle_task/vending_machine, inifile:
plugins: remotedata-0.3.0, openfiles-0.3.0, doctestplus-0.1.3, arraydiff-0.2, hypothesis-3.82.1
collected 4 items

test.py ....                                                             [100%]

=========================== 4 passed in 0.01 seconds ===========================
